(---------------------------------------------------------------------)
(                                                                     )
(    Allegro Netrev Import Logic                                      )
(                                                                     )
(    Drawing          : Accelerometer.brd                             )
(    Software Version : 17.2S013                                      )
(    Date/Time        : Thu Mar 15 14:25:23 2018                      )
(                                                                     )
(---------------------------------------------------------------------)


------ Directives ------------

Ripup etch:                  No
Ripup delete first segment:  No
Ripup retain bondwire:       No
Ripup symbols:               Always
Missing symbol has error:    No
DRC update:                  Yes
Schematic directory:         'H:\Desktop\Schematic & PCB\Schematic\Accelerometer\allegro'
Design Directory:            'H:/Desktop/Schematic & PCB/Schematic/Accelerometer/PCB'
Old design name:             'H:/Desktop/Schematic & PCB/Schematic/Accelerometer/PCB/Accelerometer.brd'
New design name:             'H:/Desktop/Schematic & PCB/Schematic/Accelerometer/PCB/Accelerometer_v1.0.brd'

CmdLine: netrev.exe -y 1 -i H:\Desktop\Schematic & PCB\Schematic\Accelerometer\allegro H:\Desktop\Schematic & PCB\Schematic\Accelerometer\PCB\Accelerometer.brd H:\Desktop\Schematic & PCB\Schematic\Accelerometer\PCB\Accelerometer_v1.0.brd

------ Preparing to read pst files ------

Starting to read H:/Desktop/Schematic & PCB/Schematic/Accelerometer/allegro/pstchip.dat 
   Finished reading H:/Desktop/Schematic & PCB/Schematic/Accelerometer/allegro/pstchip.dat (00:00:00.03)
Starting to read H:/Desktop/Schematic & PCB/Schematic/Accelerometer/allegro/pstxprt.dat 
   Finished reading H:/Desktop/Schematic & PCB/Schematic/Accelerometer/allegro/pstxprt.dat (00:00:00.00)
Starting to read H:/Desktop/Schematic & PCB/Schematic/Accelerometer/allegro/pstxnet.dat 
   Finished reading H:/Desktop/Schematic & PCB/Schematic/Accelerometer/allegro/pstxnet.dat (00:00:00.00)

------ Oversights/Warnings/Errors ------


------ Library Paths ------
MODULEPATH =  . 
           c:/cadence/spb_17.2/share/local/pcb/modules 

PSMPATH =  H:/Desktop/Schematic & PCB/Footprints/ 

PADPATH =  H:/Desktop/Schematic & PCB/Padstacks/ 


------ Summary Statistics ------


netrev run on Mar 15 14:25:23 2018
   DESIGN NAME : 'ACCELEROMETER'
   PACKAGING ON Jan  9 2017 17:57:56

   COMPILE 'logic'
   CHECK_PIN_NAMES OFF
   CROSS_REFERENCE OFF
   FEEDBACK OFF
   INCREMENTAL OFF
   INTERFACE_TYPE PHYSICAL
   MAX_ERRORS 500
   MERGE_MINIMUM 5
   NET_NAME_CHARS '#%&()*+-./:=>?@[]^_`|'
   NET_NAME_LENGTH 24
   OVERSIGHTS ON
   REPLACE_CHECK OFF
   SINGLE_NODE_NETS ON
   SPLIT_MINIMUM 0
   SUPPRESS   20
   WARNINGS ON

 No error detected
 No oversight detected
 No warning detected

cpu time      0:00:57
elapsed time  0:00:00

